C51 COMPILER V9.55   VER1_0                                                                03/05/2019 15:02:55 PAGE 1   


C51 COMPILER V9.55, COMPILATION OF MODULE VER1_0
OBJECT MODULE PLACED IN ver1_0.OBJ
COMPILER INVOKED BY: C:\Keil_v5\C51\BIN\C51.EXE ver1_0.c LARGE OPTIMIZE(8,SIZE) BROWSE FLOATFUZZY(7) DEBUG OBJECTEXTEND 
                    -TABS(2)

line level    source

*** WARNING C500 IN LINE 1 OF ver1_0.c: LICENSE ERROR (R207(3): REGISTRY READ ERROR)

   1          
   2          
   3          
   4          //-----------------------------------------------------------------------------
   5          // Includes
   6          //-----------------------------------------------------------------------------
   7          
   8          #include <C8051F020.h>                 // SFR declarations
   9          #include <stdio.H>
  10          #include <string.H>
  11          #include <math.H>
  12          #include <INTRINS.H>
  13          void main()
  14          {
  15   1      }


MODULE INFORMATION:   STATIC OVERLAYABLE
   CODE SIZE        =      1    ----
   CONSTANT SIZE    =   ----    ----
   XDATA SIZE       =   ----    ----
   PDATA SIZE       =   ----    ----
   DATA SIZE        =   ----    ----
   IDATA SIZE       =   ----    ----
   BIT SIZE         =   ----    ----
END OF MODULE INFORMATION.


C51 COMPILATION COMPLETE.  1 WARNING(S),  0 ERROR(S)
